Testing xire-builtins ...                                        Testing xire-builtins =========================================================
<(?: expression then-part else-part)>------------------------------------------
test It should be compiled properly., expects "(0 ? 1 : 2)" ==> ok
test It should raise error if the number of operands is less than 3., expects #<<error>> ==> ok
test It should raise error if the number of operands is greater than 3., expects #<<error>> ==> ok
<(or expression ..2)>----------------------------------------------------------
test It should be compiled properly., expects ("(1 || 2)" "(3 || 4 || 5)") ==> ok
test It should raise error if the number of operands is less than 2., expects #<<error>> ==> ok
<(and expression ..2)>---------------------------------------------------------
test It should be compiled properly., expects ("(1 && 2)" "(3 && 4 && 5)") ==> ok
test It should raise error if the number of operands is less than 2., expects #<<error>> ==> ok
<comparison operators>---------------------------------------------------------
test It should be available., expects ("(1 != 2)" "(1 !=# 2)" "(1 !=? 2)" "(1 !~ 2)" "(1 !~# 2)" "(1 !~? 2)" "(1 < 2)" "(1 <# 2)" "(1 <= 2)" "(1 <=# 2)" "(1 <=? 2)" "(1 <? 2)" "(1 == 2)" "(1 ==# 2)" "(1 ==? 2)" "(1 =~ 2)" "(1 =~# 2)" "(1 =~? 2)" "(1 > 2)" "(1 ># 2)" "(1 >= 2)" "(1 >=# 2)" "(1 >=? 2)" "(1 >? 2)" "(1 is 2)" "(1 is# 2)" "(1 is? 2)" "(1 isnot 2)" "(1 isnot# 2)" "(1 isnot? 2)") ==> ok
<(+ expression ..1)>-----------------------------------------------------------
test It should be compiled properly., expects ("(0 + 999)" "(1 + 2)" "(3 + 4 + 5)") ==> ok
test It should raise error if the number of operands is less than 1., expects #<<error>> ==> ok
<(- expression ..1)>-----------------------------------------------------------
test It should be compiled properly., expects ("(0 - 999)" "(1 - 2)" "(3 - 4 - 5)") ==> ok
test It should raise error if the number of operands is less than 1., expects #<<error>> ==> ok
<(.. expression ..2)>----------------------------------------------------------
test It should be compiled properly., expects ("(\"1\" . \"2\")" "(\"3\" . \"4\" . \"5\")") ==> ok
test It should raise error if the number of operands is less than 2., expects #<<error>> ==> ok
<(* expression ..2)>-----------------------------------------------------------
test It should be compiled properly., expects ("(1 * 2)" "(3 * 4 * 5)") ==> ok
test It should raise error if the number of operands is less than 2., expects #<<error>> ==> ok
<(/ expression ..2)>-----------------------------------------------------------
test It should be compiled properly., expects ("(1 / 2)" "(3 / 4 / 5)") ==> ok
test It should raise error if the number of operands is less than 2., expects #<<error>> ==> ok
<(% expression ..2)>-----------------------------------------------------------
test It should be compiled properly., expects ("(1 % 2)" "(3 % 4 % 5)") ==> ok
test It should raise error if the number of operands is less than 2., expects #<<error>> ==> ok
<(not expression)>-------------------------------------------------------------
test It should be compiled properly., expects "(!0)" ==> ok
test It should raise error if the number of operands is less than 1., expects #<<error>> ==> ok
test It should raise error if the number of operands is greater than 1., expects #<<error>> ==> ok
<(ref array index)>------------------------------------------------------------
test It should be compiled properly., expects "((array)[(123)])" ==> ok
test It should raise error if the number of operands is less than 2., expects #<<error>> ==> ok
test It should raise error if the number of operands is greater than 2., expects #<<error>> ==> ok
<(slice array index1 index2)>--------------------------------------------------
test It should be compiled properly., expects "((array)[(123):(456)])" ==> ok
test It should raise error if the number of operands is less than 3., expects #<<error>> ==> ok
test It should raise error if the number of operands is greater than 3., expects #<<error>> ==> ok
<(-> dictionary member)>-------------------------------------------------------
test It should be compiled properly., expects "((dictionary).member)" ==> ok
test It should raise error if the number of operands is less than 2., expects #<<error>> ==> ok
test It should raise error if the number of operands is greater than 2., expects #<<error>> ==> ok
<(apply function argument ...)>------------------------------------------------
test It should be compiled properly., expects ("(function())" "(function(1))" "(function(1,2))" "(function(1,2,3))") ==> ok
test It should raise error if the number of operands is less than 1., expects #<<error>> ==> ok
<(list expression ...)>--------------------------------------------------------
test It should be compiled properly., expects ("[]" "[1]" "[1,2]" "[1,2,3]") ==> ok
<(dict (key value) ...)>-------------------------------------------------------
test It should be compiled properly., expects ("{}" "{k1 : v1}" "{k1 : v1,k2 : v2}" "{k1 : v1,k2 : v2,k3 : v3}") ==> ok
<(& option)>-------------------------------------------------------------------
test It should be compiled properly., expects ("&option" "&l:option" "&g:option") ==> ok
test It should raise error if the given option name is not a symbol., expects #<<error>> ==> ok
test It should raise error if the number of operands is less than 1., expects #<<error>> ==> ok
test It should raise error if the number of operands is greater than 1., expects #<<error>> ==> ok
<($ variable)>-----------------------------------------------------------------
test It should be compiled properly., expects "$variable" ==> ok
test It should raise error if the given option name is not a symbol., expects #<<error>> ==> ok
test It should raise error if the number of operands is less than 1., expects #<<error>> ==> ok
test It should raise error if the number of operands is greater than 1., expects #<<error>> ==> ok
<(@ register)>-----------------------------------------------------------------
test It should be compiled properly., expects "@r" ==> ok
test It should raise error if the given option name is not a symbol., expects #<<error>> ==> ok
test It should raise error if the number of operands is less than 1., expects #<<error>> ==> ok
test It should raise error if the number of operands is greater than 1., expects #<<error>> ==> ok
<(begin ...)>------------------------------------------------------------------
test It should be compiled properly., expects ("echo 1\n" "echo 2\necho 3\n" "echo 4\necho 5\necho 6\n") ==> ok
test It should raise error if the number of operands is less than 1., expects #<<error>> ==> ok
<(if ...)>---------------------------------------------------------------------
test It should be compiled properly., expects ("if 1\necho 2\nendif\n" "if 1\necho 2\nelse\necho 3\nendif\n") ==> ok
test It should raise error if the number of operands is less than 2., expects #<<error>> ==> ok
test It should raise error if the number of operands is greater than 3., expects #<<error>> ==> ok
<(while ...)>------------------------------------------------------------------
test It should be compiled properly., expects ("while 1\necho 2\nendwhile\n" "while 1\necho 2\necho 3\nendwhile\n") ==> ok
test It should raise error if the number of operands is less than 2., expects #<<error>> ==> ok
<(for ...)>--------------------------------------------------------------------
test It, 'for i in list', should be compiled properly., expects ("for i in [1,2,3]\necho i\nendfor\n" "for i in [1,2,3]\necho i\necho i i\nendfor\n") ==> ok
test It, 'for [i, ...] in list-of-lists', should be compiled properly., expects ("for [i] in [[1],[2]]\necho i\nendfor\n" "for [i,j] in [[1,2],[3,4]]\necho i\necho j\nendfor\n") ==> ok
test It should raise error if the number of operands is less than 3., expects #<<error>> ==> ok
<(break)>----------------------------------------------------------------------
test It should be compiled properly., expects "break\n" ==> ok
test It should raise error if the number of operands is greater than 0., expects #<<error>> ==> ok
<(continue)>-------------------------------------------------------------------
test It should be compiled properly., expects "continue\n" ==> ok
test It should raise error if the number of operands is greater than 0., expects #<<error>> ==> ok
<(return ...)>-----------------------------------------------------------------
test It should be compiled properly., expects ("return\n" "return 1\n" "return [1,2,3]\n") ==> ok
test It should raise error if the number of operands is greater than 1., expects #<<error>> ==> ok
<(echo expression ...)>--------------------------------------------------------
test It should be compiled properly., expects ("echo \n" "echo 1\n" "echo 1 2\n" "echo 1 (2 + 3)\n") ==> ok
<comment>----------------------------------------------------------------------
test It should be available., expects #t ==> ok
test It should compile a given form into a Vim-script comment., expects (("\"" () "\n") ("\"" (" " "foo") "\n") ("\"" (" " "foo" " " "bar") "\n")) ==> ok
test It should raise error for invalid arguments, expects #<<error>> ==> ok
test It should raise error for non-statement context, expects #<<error>> ==> ok
passed.
passed.
